// Jest Snapshot v1, https://goo.gl/fbAQLP

exports[`should match snapshot 1`] = `
<div>
  <div
    class="Toastify"
  />
  <img
    alt="mock alt"
    src="mock mock"
  />
</div>
`;
