// Jest Snapshot v1, https://goo.gl/fbAQLP

exports[`should display nothing if cookie is consented 1`] = `
<div>
  <div
    class="Toastify"
  />
</div>
`;
