// Jest Snapshot v1, https://goo.gl/fbAQLP

exports[`should match snapshot 1`] = `
<div>
  <div
    class="Toastify"
  />
  <div
    class="MuiBox-root css-0"
  >
    test
  </div>
</div>
`;
