// Jest Snapshot v1, https://goo.gl/fbAQLP

exports[`should match snapshot 1`] = `
<div>
  <div
    class="Toastify"
  />
  <div
    class="MuiTabs-root css-1ujnqem-MuiTabs-root"
  >
    <div
      class="MuiTabs-scroller MuiTabs-fixed css-jpln7h-MuiTabs-scroller"
      style="overflow: hidden; margin-bottom: 0px;"
    >
      <div
        class="MuiTabs-flexContainer MuiTabs-centered css-1wf8b0h-MuiTabs-flexContainer"
        role="tablist"
      >
        <button
          aria-selected="true"
          class="MuiButtonBase-root MuiTab-root MuiTab-textColorPrimary Mui-selected css-1mhkr88-MuiButtonBase-root-MuiTab-root"
          role="tab"
          tabindex="0"
          type="button"
        >
          one
          <span
            class="MuiTouchRipple-root css-8je8zh-MuiTouchRipple-root"
          />
        </button>
        <button
          aria-selected="false"
          class="MuiButtonBase-root MuiTab-root MuiTab-textColorPrimary css-1mhkr88-MuiButtonBase-root-MuiTab-root"
          role="tab"
          tabindex="-1"
          type="button"
        >
          two
          <span
            class="MuiTouchRipple-root css-8je8zh-MuiTouchRipple-root"
          />
        </button>
        <button
          aria-selected="false"
          class="MuiButtonBase-root MuiTab-root MuiTab-textColorPrimary css-1mhkr88-MuiButtonBase-root-MuiTab-root"
          role="tab"
          tabindex="-1"
          type="button"
        >
          three
          <span
            class="MuiTouchRipple-root css-8je8zh-MuiTouchRipple-root"
          />
        </button>
      </div>
      <span
        class="MuiTabs-indicator css-1snt9nr-MuiTabs-indicator"
        style="left: 0px; width: 0px;"
      />
    </div>
  </div>
</div>
`;
