// Jest Snapshot v1, https://goo.gl/fbAQLP

exports[`should match snapshot 1`] = `
<div>
  <div
    class="Toastify"
  />
  <div
    class="MuiPaper-root MuiPaper-elevation MuiPaper-rounded MuiPaper-elevation1 css-pax7je-MuiPaper-root"
  >
    <div>
      children
    </div>
  </div>
</div>
`;
